
> examly-frontend@0.1.0 dev
> vite


  [32m[1mVITE[22m v5.4.21[39m  [2mready in [0m[1m936[22m[2m[0m ms[22m

  [32m➜[39m  [1mLocal[22m:   [36mhttp://localhost:[1m5173[22m/[39m
[2m  [32m➜[39m  [1mNetwork[22m[2m: use [22m[1m--host[22m[2m to expose[22m
[2m[32m  ➜[39m[22m[2m  press [22m[1mh + enter[22m[2m to show help[22m
[2m12:11:07 am[22m [36m[1m[vite][22m[39m [32mhmr update [39m[2m/src/pages/admin/GeneratePaper.jsx, /src/index.css[22m
[2m12:11:07 am[22m [36m[1m[vite][22m[39m [32mhmr update [39m[2m/src/pages/admin/GeneratePaper.jsx, /src/index.css[22m
[2m12:11:17 am[22m [36m[1m[vite][22m[39m [32mhmr update [39m[2m/src/pages/admin/GeneratePaper.jsx, /src/index.css[22m
[2m12:11:18 am[22m [36m[1m[vite][22m[39m [32mhmr update [39m[2m/src/pages/admin/GeneratePaper.jsx, /src/index.css[22m
[2m12:11:27 am[22m [36m[1m[vite][22m[39m [32mhmr update [39m[2m/src/pages/admin/GeneratePaper.jsx, /src/index.css[22m
[2m12:11:27 am[22m [36m[1m[vite][22m[39m [32mhmr update [39m[2m/src/pages/admin/GeneratePaper.jsx, /src/index.css[22m
[2m12:16:03 am[22m [36m[1m[vite][22m[39m [32mhmr update [39m[2m/src/pages/admin/PaperHistory.jsx, /src/index.css[22m
[2m12:16:13 am[22m [36m[1m[vite][22m[39m [32mhmr update [39m[2m/src/App.jsx, /src/index.css[22m
[2m12:16:13 am[22m [36m[1m[vite][22m[39m [32mhmr update [39m[2m/src/App.jsx, /src/index.css[22m
[2m12:18:38 am[22m [36m[1m[vite][22m[39m [32mhmr update [39m[2m/src/App.jsx, /src/index.css[22m
[2m12:39:08 am[22m [36m[1m[vite][22m[39m [32mhmr update [39m[2m/src/pages/teacher/NewRequest.jsx, /src/index.css[22m
[2m12:39:22 am[22m [36m[1m[vite][22m[39m [32mhmr update [39m[2m/src/pages/admin/GeneratePaper.jsx, /src/index.css[22m
[2m12:55:28 am[22m [36m[1m[vite][22m[39m [32mhmr update [39m[2m/src/pages/teacher/NewRequest.jsx, /src/index.css[22m
[2m12:55:38 am[22m [36m[1m[vite][22m[39m [32mhmr update [39m[2m/src/pages/teacher/NewRequest.jsx, /src/index.css[22m
[2m12:55:39 am[22m [36m[1m[vite][22m[39m [32mhmr update [39m[2m/src/pages/teacher/NewRequest.jsx, /src/index.css[22m
[2m12:55:39 am[22m [36m[1m[vite][22m[39m [32mhmr update [39m[2m/src/pages/teacher/NewRequest.jsx, /src/index.css[22m
[2m12:55:40 am[22m [36m[1m[vite][22m[39m [32mhmr update [39m[2m/src/pages/teacher/NewRequest.jsx, /src/index.css[22m
[2m12:55:40 am[22m [36m[1m[vite][22m[39m [32mhmr update [39m[2m/src/pages/teacher/NewRequest.jsx, /src/index.css[22m
[2m12:55:49 am[22m [36m[1m[vite][22m[39m [32mhmr update [39m[2m/src/pages/teacher/NewRequest.jsx, /src/index.css[22m
[2m12:55:56 am[22m [36m[1m[vite][22m[39m [32mhmr update [39m[2m/src/pages/teacher/NewRequest.jsx, /src/index.css[22m
[2m12:56:57 am[22m [36m[1m[vite][22m[39m [32mhmr update [39m[2m/src/pages/teacher/NewRequest.jsx, /src/index.css[22m
[2m12:57:30 am[22m [36m[1m[vite][22m[39m [32mhmr update [39m[2m/src/pages/teacher/NewRequest.jsx, /src/index.css[22m
[2m12:51:29 am[22m [36m[1m[vite][22m[39m [32mhmr update [39m[2m/src/pages/admin/GeneratePaper.jsx, /src/index.css[22m
[2m12:51:52 am[22m [36m[1m[vite][22m[39m [32mhmr update [39m[2m/src/pages/admin/GeneratePaper.jsx, /src/index.css[22m
[2m12:52:00 am[22m [36m[1m[vite][22m[39m [32mhmr update [39m[2m/src/pages/admin/GeneratePaper.jsx, /src/index.css[22m
[2m12:52:21 am[22m [36m[1m[vite][22m[39m [32mhmr update [39m[2m/src/pages/admin/GeneratePaper.jsx, /src/index.css[22m
[2m12:52:31 am[22m [36m[1m[vite][22m[39m [32mhmr update [39m[2m/src/pages/admin/ViewPaper.jsx, /src/index.css[22m
[2m12:52:32 am[22m [36m[1m[vite][22m[39m [32mhmr update [39m[2m/src/pages/admin/ViewPaper.jsx, /src/index.css[22m
[2m12:52:32 am[22m [36m[1m[vite][22m[39m [32mhmr update [39m[2m/src/pages/admin/ViewPaper.jsx, /src/index.css[22m
[2m12:52:32 am[22m [36m[1m[vite][22m[39m [32mhmr update [39m[2m/src/pages/admin/ViewPaper.jsx, /src/index.css[22m
[2m12:55:27 am[22m [36m[1m[vite][22m[39m [32mhmr update [39m[2m/src/pages/admin/GeneratePaper.jsx, /src/index.css[22m
[2m12:55:36 am[22m [36m[1m[vite][22m[39m [32mhmr update [39m[2m/src/pages/admin/GeneratePaper.jsx, /src/index.css[22m
[2m12:55:36 am[22m [36m[1m[vite][22m[39m [32mhmr update [39m[2m/src/pages/admin/GeneratePaper.jsx, /src/index.css[22m
[2m12:55:37 am[22m [36m[1m[vite][22m[39m [32mhmr update [39m[2m/src/pages/admin/GeneratePaper.jsx, /src/index.css[22m
[2m12:55:39 am[22m [36m[1m[vite][22m[39m [32mhmr update [39m[2m/src/pages/admin/GeneratePaper.jsx, /src/index.css[22m
[2m12:55:53 am[22m [36m[1m[vite][22m[39m [32mhmr update [39m[2m/src/pages/admin/GeneratePaper.jsx, /src/index.css[22m
[2m12:58:52 am[22m [36m[1m[vite][22m[39m [32mhmr update [39m[2m/src/pages/admin/GeneratePaper.jsx, /src/index.css[22m
[2m1:03:01 am[22m [36m[1m[vite][22m[39m [32mhmr update [39m[2m/src/pages/admin/ViewPaper.jsx, /src/index.css[22m
[2m2:57:10 am[22m [36m[1m[vite][22m[39m [32mhmr update [39m[2m/src/pages/admin/ViewPaper.jsx, /src/index.css[22m
[2m2:57:16 am[22m [36m[1m[vite][22m[39m [32mhmr update [39m[2m/src/pages/admin/ViewPaper.jsx, /src/index.css[22m
[2m2:57:26 am[22m [36m[1m[vite][22m[39m [32mhmr update [39m[2m/src/pages/admin/ViewPaper.jsx, /src/index.css[22m
